// Jest Snapshot v1, https://goo.gl/fbAQLP

exports[`<TitleController /> simple render 1`] = `
<table
  className="datetime-title-controller"
  style={
    Object {
      "width": "auto",
    }
  }
>
  <thead>
    <tr>
      <th
        className="datetime-title-controller-change datetime-title-controller-change_backward"
        onClick={[Function]}
      />
      <th
        className="datetime-title-controller-title"
        colSpan="5"
        onClick={[Function]}
      >
        August, 2017
      </th>
      <th
        className="datetime-title-controller-change datetime-title-controller-change_forward"
        onClick={[Function]}
      />
    </tr>
  </thead>
</table>
`;
