// Jest Snapshot v1, https://goo.gl/fbAQLP

exports[`<Calendar /> simple render 1`] = `
<div
  className="datetime-calendar"
>
  <table
    className="datetime-title-controller"
  >
    <thead>
      <tr>
        <th
          className="datetime-title-controller-change-month datetime-title-controller-change-month_backward"
          onClick={[Function]}
        />
        <th
          className="datetime-title-controller-title datetime-title-controller-title_clickable"
          colSpan="5"
          onClick={[Function]}
        >
          August, 2017
        </th>
        <th
          className="datetime-title-controller-change-month datetime-title-controller-change-month_forward"
          onClick={[Function]}
        />
      </tr>
    </thead>
  </table>
  <hr
    className="datetime-separator"
  />
  <div
    className="datetime-calendar__view"
  >
    <table
      className="datetime-days"
    >
      <thead>
        <tr>
          <th>
            Su
          </th>
          <th>
            Mo
          </th>
          <th>
            Tu
          </th>
          <th>
            We
          </th>
          <th>
            Th
          </th>
          <th>
            Fr
          </th>
          <th>
            Sa
          </th>
        </tr>
      </thead>
      <tbody>
        <tr>
          <td
            className="datetime-day"
            onClick={[Function]}
          >
            <div
              className="datetime-day__content datetime-day__content_faded"
            >
              30
            </div>
          </td>
          <td
            className="datetime-day"
            onClick={[Function]}
          >
            <div
              className="datetime-day__content datetime-day__content_faded"
            >
              31
            </div>
          </td>
          <td
            className="datetime-day"
            onClick={[Function]}
          >
            <div
              className="datetime-day__content"
            >
              1
            </div>
          </td>
          <td
            className="datetime-day"
            onClick={[Function]}
          >
            <div
              className="datetime-day__content"
            >
              2
            </div>
          </td>
          <td
            className="datetime-day"
            onClick={[Function]}
          >
            <div
              className="datetime-day__content"
            >
              3
            </div>
          </td>
          <td
            className="datetime-day"
            onClick={[Function]}
          >
            <div
              className="datetime-day__content"
            >
              4
            </div>
          </td>
          <td
            className="datetime-day"
            onClick={[Function]}
          >
            <div
              className="datetime-day__content"
            >
              5
            </div>
          </td>
        </tr>
        <tr>
          <td
            className="datetime-day"
            onClick={[Function]}
          >
            <div
              className="datetime-day__content"
            >
              6
            </div>
          </td>
          <td
            className="datetime-day"
            onClick={[Function]}
          >
            <div
              className="datetime-day__content"
            >
              7
            </div>
          </td>
          <td
            className="datetime-day"
            onClick={[Function]}
          >
            <div
              className="datetime-day__content"
            >
              8
            </div>
          </td>
          <td
            className="datetime-day"
            onClick={[Function]}
          >
            <div
              className="datetime-day__content"
            >
              9
            </div>
          </td>
          <td
            className="datetime-day"
            onClick={[Function]}
          >
            <div
              className="datetime-day__content"
            >
              10
            </div>
          </td>
          <td
            className="datetime-day"
            onClick={[Function]}
          >
            <div
              className="datetime-day__content datetime-day__content_current datetime-day__content_selected"
            >
              11
            </div>
          </td>
          <td
            className="datetime-day"
            onClick={[Function]}
          >
            <div
              className="datetime-day__content"
            >
              12
            </div>
          </td>
        </tr>
        <tr>
          <td
            className="datetime-day"
            onClick={[Function]}
          >
            <div
              className="datetime-day__content"
            >
              13
            </div>
          </td>
          <td
            className="datetime-day"
            onClick={[Function]}
          >
            <div
              className="datetime-day__content"
            >
              14
            </div>
          </td>
          <td
            className="datetime-day"
            onClick={[Function]}
          >
            <div
              className="datetime-day__content"
            >
              15
            </div>
          </td>
          <td
            className="datetime-day"
            onClick={[Function]}
          >
            <div
              className="datetime-day__content"
            >
              16
            </div>
          </td>
          <td
            className="datetime-day"
            onClick={[Function]}
          >
            <div
              className="datetime-day__content"
            >
              17
            </div>
          </td>
          <td
            className="datetime-day"
            onClick={[Function]}
          >
            <div
              className="datetime-day__content"
            >
              18
            </div>
          </td>
          <td
            className="datetime-day"
            onClick={[Function]}
          >
            <div
              className="datetime-day__content"
            >
              19
            </div>
          </td>
        </tr>
        <tr>
          <td
            className="datetime-day"
            onClick={[Function]}
          >
            <div
              className="datetime-day__content"
            >
              20
            </div>
          </td>
          <td
            className="datetime-day"
            onClick={[Function]}
          >
            <div
              className="datetime-day__content"
            >
              21
            </div>
          </td>
          <td
            className="datetime-day"
            onClick={[Function]}
          >
            <div
              className="datetime-day__content"
            >
              22
            </div>
          </td>
          <td
            className="datetime-day"
            onClick={[Function]}
          >
            <div
              className="datetime-day__content"
            >
              23
            </div>
          </td>
          <td
            className="datetime-day"
            onClick={[Function]}
          >
            <div
              className="datetime-day__content"
            >
              24
            </div>
          </td>
          <td
            className="datetime-day"
            onClick={[Function]}
          >
            <div
              className="datetime-day__content"
            >
              25
            </div>
          </td>
          <td
            className="datetime-day"
            onClick={[Function]}
          >
            <div
              className="datetime-day__content"
            >
              26
            </div>
          </td>
        </tr>
        <tr>
          <td
            className="datetime-day"
            onClick={[Function]}
          >
            <div
              className="datetime-day__content"
            >
              27
            </div>
          </td>
          <td
            className="datetime-day"
            onClick={[Function]}
          >
            <div
              className="datetime-day__content"
            >
              28
            </div>
          </td>
          <td
            className="datetime-day"
            onClick={[Function]}
          >
            <div
              className="datetime-day__content"
            >
              29
            </div>
          </td>
          <td
            className="datetime-day"
            onClick={[Function]}
          >
            <div
              className="datetime-day__content"
            >
              30
            </div>
          </td>
          <td
            className="datetime-day"
            onClick={[Function]}
          >
            <div
              className="datetime-day__content"
            >
              31
            </div>
          </td>
          <td
            className="datetime-day"
            onClick={[Function]}
          >
            <div
              className="datetime-day__content datetime-day__content_faded"
            >
              1
            </div>
          </td>
          <td
            className="datetime-day"
            onClick={[Function]}
          >
            <div
              className="datetime-day__content datetime-day__content_faded"
            >
              2
            </div>
          </td>
        </tr>
        <tr>
          <td
            className="datetime-day"
            onClick={[Function]}
          >
            <div
              className="datetime-day__content datetime-day__content_faded"
            >
              3
            </div>
          </td>
          <td
            className="datetime-day"
            onClick={[Function]}
          >
            <div
              className="datetime-day__content datetime-day__content_faded"
            >
              4
            </div>
          </td>
          <td
            className="datetime-day"
            onClick={[Function]}
          >
            <div
              className="datetime-day__content datetime-day__content_faded"
            >
              5
            </div>
          </td>
          <td
            className="datetime-day"
            onClick={[Function]}
          >
            <div
              className="datetime-day__content datetime-day__content_faded"
            >
              6
            </div>
          </td>
          <td
            className="datetime-day"
            onClick={[Function]}
          >
            <div
              className="datetime-day__content datetime-day__content_faded"
            >
              7
            </div>
          </td>
          <td
            className="datetime-day"
            onClick={[Function]}
          >
            <div
              className="datetime-day__content datetime-day__content_faded"
            >
              8
            </div>
          </td>
          <td
            className="datetime-day"
            onClick={[Function]}
          >
            <div
              className="datetime-day__content datetime-day__content_faded"
            >
              9
            </div>
          </td>
        </tr>
      </tbody>
    </table>
  </div>
  <div>
    <hr
      className="datetime-separator"
    />
    <table
      className="datetime-time"
    >
      <tbody>
        <tr>
          <td>
            <div
              className="datetime-time-controller datetime-time-controller_up"
              onClick={[Function]}
            />
            <div>
              16
            </div>
            <div
              className="datetime-time-controller datetime-time-controller_down"
              onClick={[Function]}
            />
          </td>
          <td>
            :
          </td>
          <td>
            <div
              className="datetime-time-controller datetime-time-controller_up"
              onClick={[Function]}
            />
            <div>
              44
            </div>
            <div
              className="datetime-time-controller datetime-time-controller_down"
              onClick={[Function]}
            />
          </td>
          <td>
            :
          </td>
          <td>
            <div
              className="datetime-time-controller datetime-time-controller_up"
              onClick={[Function]}
            />
            <div>
              54
            </div>
            <div
              className="datetime-time-controller datetime-time-controller_down"
              onClick={[Function]}
            />
          </td>
          <td>
            :
          </td>
          <td>
            <div
              className="datetime-time-input-wrap"
            >
              <input
                className="datetime-time-input"
                onChange={[Function]}
                type="text"
                value="000"
              />
            </div>
          </td>
        </tr>
      </tbody>
    </table>
  </div>
</div>
`;
